RAM Allocation [bytes]
Variable                                                                          Address   Size
------------------------------------------------------------------------------------------------
st                                                                                0x0160      20
_base_y                                                                           0x0174       4

EEPROM Allocation [bytes]
Variable                                                                          Address   Size
------------------------------------------------------------------------------------------------

Register Allocation
Variable                                                                          Register  Size
------------------------------------------------------------------------------------------------
temp                                                                              R4,R5        2
_lcd_x                                                                            R7           1
_lcd_y                                                                            R6           1
_lcd_maxx                                                                         R9           1

FLASH Allocation [words]
Function                                                                          Address   Size
------------------------------------------------------------------------------------------------
read_adc                                                                          0x0006E     14
main                                                                              0x0007C     90
put_buff_G100                                                                     0x000D6     64
_print_G100                                                                       0x00116    308
sprintf                                                                           0x0024A     52
_lcd_write_nibble_G101                                                            0x0027E     20
_lcd_write_data                                                                   0x00292     12
lcd_gotoxy                                                                        0x0029E     13
lcd_clear                                                                         0x002AB     12
lcd_putchar                                                                       0x002B7     21
lcd_puts                                                                          0x002CC     17
lcd_init                                                                          0x002DD     46
strlen                                                                            0x0030B     12
strlenf                                                                           0x00317     13
